// Jest Snapshot v1, https://goo.gl/fbAQLP

exports[`Test <TodoListItem /> should render <TodoListItem /> 1`] = `
<li
  className="list-group-item"
  key="1"
>
  <p
    className="mb-0 todo-desc false"
    onClick={[Function]}
  >
    1
    . 
    Aprender React
  </p>
  <button
    className="btn btn-danger"
    onClick={[Function]}
  >
    Borrar
  </button>
</li>
`;
