// Jest Snapshot v1, https://goo.gl/fbAQLP

exports[`Tests in <MultipleCustomHooks /> should render 1`] = `
<div>
  <h1>
    Breaking Bad Quotes
  </h1>
  <hr />
  <div
    className="aler alert-info text-center"
  >
    loading
  </div>
  <button
    className="btn btn-primary"
    onClick={[Function]}
  >
    Siguiente Quote
  </button>
</div>
`;
