// Jest Snapshot v1, https://goo.gl/fbAQLP

exports[`Pruebas en <HookApp /> should display correctly 1`] = `
<div>
  <h1>
    Hola hooks
  </h1>
</div>
`;
