// Jest Snapshot v1, https://goo.gl/fbAQLP

exports[`Test in <HomeScreen /> should render correctly 1`] = `
<div>
  <h1>
    Home Screen
  </h1>
  <hr />
  <pre>
    {"name":"Christian","email":"christiandp7@gmail.com"}
  </pre>
</div>
`;
